
> client@0.1.0 build
> next build

node.exe :  ΓÜá 
Warning: Found 
multiple lockfiles. 
Selecting C:\Users\Avi
jit~Ghosh\Desktop\baby
shop-ecommerce\yarn.lo
ck.
At line:1 char:1
+ & "C:\Program Files\
nodejs/node.exe" "C:\U
sers\Avijit~Ghosh\AppD
ata\R ...
+ ~~~~~~~~~~~~~~~~~~~~
~~~~~~~~~~~~~~~~~~~~~~
~~~~~~~~~~~~~~~~~~~~~~
~~~~~
    + CategoryInfo    
          : NotSpeci  
  fied: ( ΓÜá Warni   
 ng: F...erce\yarn    
.lock.:String) []    
, RemoteException
    + FullyQualifiedE 
   rrorId : NativeCo  
  mmandError
 
   Consider removing 
the lockfiles at:
   * C:\Users\Avijit~G
hosh\Desktop\babyshop-
ecommerce\client\packa
ge-lock.json

   Γû▓ Next.js 15.4.5
   - Environments: .env

   Creating an optimized production build ...
 Γ£ô Compiled successfully in 1000ms
   Linting and checking validity of types ...

Failed to compile.

./src/app/product/[slu
g]/page.tsx
1:36  Warning: 
'getApiConfig' is 
defined but never 
used.  @typescript-esl
int/no-unused-vars
89:14  Warning: 
'error' is defined 
but never used.  @type
script-eslint/no-unuse
d-vars

./src/app/profile/page
.tsx
4:8  Warning: 
'Container' is 
defined but never 
used.  @typescript-esl
int/no-unused-vars

./src/components/commo
n/AddToCartButton.tsx
57:18  Warning: 
'error' is defined 
but never used.  @type
script-eslint/no-unuse
d-vars
78:18  Warning: 
'error' is defined 
but never used.  @type
script-eslint/no-unuse
d-vars

./src/components/commo
n/pages/AddToCartPage.
tsx
30:45  Error: `'` can 
be escaped with 
`&apos;`, `&lsquo;`, 
`&#39;`, `&rsquo;`.  r
eact/no-unescaped-enti
ties

./src/components/commo
n/pages/ProfilePage.ts
x
16:16  Warning: 
'CardContent' is 
defined but never 
used.  @typescript-esl
int/no-unused-vars
76:25  Error: 
Unexpected any. 
Specify a different 
type.  @typescript-esl
int/no-explicit-any

./src/components/commo
n/pages/SignInForm.tsx
69:23  Error: 
Unexpected any. 
Specify a different 
type.  @typescript-esl
int/no-explicit-any

./src/components/commo
n/pages/SignUpForm.tsx
72:23  Error: 
Unexpected any. 
Specify a different 
type.  @typescript-esl
int/no-explicit-any

./src/components/commo
n/pages/WishlistPage.t
sx
3:10  Warning: 
'useEffect' is 
defined but never 
used.  @typescript-esl
int/no-unused-vars
3:21  Warning: 
'useState' is defined 
but never used.  @type
script-eslint/no-unuse
d-vars
49:34  Error: `'` can 
be escaped with 
`&apos;`, `&lsquo;`, 
`&#39;`, `&rsquo;`.  r
eact/no-unescaped-enti
ties
61:45  Error: 
Unexpected any. 
Specify a different 
type.  @typescript-esl
int/no-explicit-any
65:18  Warning: 
'error' is defined 
but never used.  @type
script-eslint/no-unuse
d-vars

./src/components/commo
n/product/ImageGallery
.tsx
6:40  Warning: 
'Pagination' is 
defined but never 
used.  @typescript-esl
int/no-unused-vars

./src/components/commo
n/product/NotFoundPage
Client.tsx
22:57  Error: `'` can 
be escaped with 
`&apos;`, `&lsquo;`, 
`&#39;`, `&rsquo;`.  r
eact/no-unescaped-enti
ties
23:20  Error: `'` can 
be escaped with 
`&apos;`, `&lsquo;`, 
`&#39;`, `&rsquo;`.  r
eact/no-unescaped-enti
ties

./src/components/commo
n/product/ProductActio
n.tsx
6:37  Warning: 
'Heart' is defined 
but never used.  @type
script-eslint/no-unuse
d-vars
24:11  Warning: 
'finalPrice' is 
assigned a value but 
never used.  @typescri
pt-eslint/no-unused-va
rs
52:18  Warning: 
'error' is defined 
but never used.  @type
script-eslint/no-unuse
d-vars

./src/components/commo
n/product/ProductRevie
w.tsx
12:33  Error: 
Unexpected any. 
Specify a different 
type.  @typescript-esl
int/no-explicit-any

./src/components/commo
n/product/WishListButt
on.tsx
54:18  Warning: 
'error' is defined 
but never used.  @type
script-eslint/no-unuse
d-vars

./src/components/foote
r/Footer.tsx
1:89  Warning: 'Mail' 
is defined but never 
used.  @typescript-esl
int/no-unused-vars

./src/components/heade
r/CartIcon.tsx
4:8  Warning: 'Link' 
is defined but never 
used.  @typescript-esl
int/no-unused-vars

./src/components/heade
r/TopHeader.tsx
2:47  Warning: 
'Sparkles' is defined 
but never used.  @type
script-eslint/no-unuse
d-vars

./src/components/home/
BabyTravelSection.tsx
1:41  Warning: 
'Shield' is defined 
but never used.  @type
script-eslint/no-unuse
d-vars
1:49  Warning: 'Star' 
is defined but never 
used.  @typescript-esl
int/no-unused-vars

./src/components/home/
Banner.tsx
4:8  Warning: 'Image' 
is defined but never 
used.  @typescript-esl
int/no-unused-vars
10:12  Warning: 
'banners' is assigned 
a value but never 
used.  @typescript-esl
int/no-unused-vars
130:33  Warning: 
Using `<img>` could 
result in slower LCP 
and higher bandwidth. 
Consider using 
`<Image />` from 
`next/image` or a 
custom image loader 
to automatically 
optimize images. This 
may incur additional 
usage or cost from 
your provider. See: ht
tps://nextjs.org/docs/
messages/no-img-elemen
t  @next/next/no-img-e
lement
210:33  Warning: 
Using `<img>` could 
result in slower LCP 
and higher bandwidth. 
Consider using 
`<Image />` from 
`next/image` or a 
custom image loader 
to automatically 
optimize images. This 
may incur additional 
usage or cost from 
your provider. See: ht
tps://nextjs.org/docs/
messages/no-img-elemen
t  @next/next/no-img-e
lement

./src/components/home/
CatagorySection.tsx
8:5  Warning: 'Gift' 
is defined but never 
used.  @typescript-esl
int/no-unused-vars
12:5  Warning: 'Tag' 
is defined but never 
used.  @typescript-esl
int/no-unused-vars

./src/components/home/
HomeBrand.tsx
3:24  Warning: 
'Search' is defined 
but never used.  @type
script-eslint/no-unuse
d-vars
83:10  Warning: 
'ArrowRight' is 
defined but never 
used.  @typescript-esl
int/no-unused-vars

./src/components/home/
ProductCard.tsx
5:10  Warning: 'Star' 
is defined but never 
used.  @typescript-esl
int/no-unused-vars
25:66  Error: 
Unexpected any. 
Specify a different 
type.  @typescript-esl
int/no-explicit-any

./src/components/home/
ProductList.tsx
5:10  Warning: 
'ChevronRight' is 
defined but never 
used.  @typescript-esl
int/no-unused-vars

./src/components/page/
shop/ShopPageClient.ts
x
9:5  Warning: 
'Filter' is defined 
but never used.  @type
script-eslint/no-unuse
d-vars
9:16  Warning: 
'ChevronDown' is 
defined but never 
used.  @typescript-esl
int/no-unused-vars
10:32  Warning: 
'LayoutGrid' is 
defined but never 
used.  @typescript-esl
int/no-unused-vars
55:46  Error: 
Unexpected any. 
Specify a different 
type.  @typescript-esl
int/no-explicit-any
81:8  Warning: React 
Hook useEffect has a 
missing dependency: 
'limit'. Either 
include it or remove 
the dependency array. 
 react-hooks/exhaustiv
e-deps
97:8  Warning: React 
Hook useEffect has 
missing dependencies: 
'pathname' and 
'router'. Either 
include them or 
remove the dependency 
array.  react-hooks/ex
haustive-deps
262:76  Error: `'` 
can be escaped with 
`&apos;`, `&lsquo;`, 
`&#39;`, `&rsquo;`.  r
eact/no-unescaped-enti
ties

./src/hooks/useCart.ts
4:10  Warning: 
'Product' is defined 
but never used.  @type
script-eslint/no-unuse
d-vars

./src/lib/authApi.ts
10:15  Error: 
Unexpected any. 
Specify a different 
type.  @typescript-esl
int/no-explicit-any
76:9  Error: A 
`require()` style 
import is forbidden.  
@typescript-eslint/no-
require-imports
78:67  Error: 
Unexpected any. 
Specify a different 
type.  @typescript-esl
int/no-explicit-any
95:25  Error: A 
`require()` style 
import is forbidden.  
@typescript-eslint/no-
require-imports

./src/lib/config.ts
54:27  Error: 
Unexpected any. 
Specify a different 
type.  @typescript-esl
int/no-explicit-any

./src/lib/store.ts
323:57  Warning: 
'get' is defined but 
never used.  @typescri
pt-eslint/no-unused-va
rs

info  - Need to 
disable some ESLint 
rules? Learn more 
here: https://nextjs.o
rg/docs/app/api-refere
nce/config/eslint#disa
bling-rules
